E:\Project\HIS\ShipBatterySystm\Logical\Global.typ
E:\Project\HIS\ShipBatterySystm\Logical\Global.var
E:\Project\HIS\ShipBatterySystm\Logical\Libraries\operator\operator.fun
E:\Project\HIS\ShipBatterySystm\Logical\Libraries\operator\operator.typ
E:\Project\HIS\ShipBatterySystm\Logical\Libraries\operator\operator.var
E:\Project\HIS\ShipBatterySystm\Logical\Libraries\runtime\runtime.fun
E:\Project\HIS\ShipBatterySystm\Logical\Libraries\runtime\runtime.typ
E:\Project\HIS\ShipBatterySystm\Logical\Libraries\runtime\runtime.var
E:\Project\HIS\ShipBatterySystm\Logical\Libraries\astime\astime.fun
E:\Project\HIS\ShipBatterySystm\Logical\Libraries\astime\astime.typ
E:\Project\HIS\ShipBatterySystm\Logical\Libraries\astime\astime.var
E:\Project\HIS\ShipBatterySystm\Logical\Libraries\AsIecCon\AsIecCon.fun
E:\Project\HIS\ShipBatterySystm\Logical\Libraries\AsIecCon\AsIecCon.typ
E:\Project\HIS\ShipBatterySystm\Logical\Libraries\AsIecCon\AsIecCon.var
E:\Project\HIS\ShipBatterySystm\Logical\Libraries\FileIO\FileIO.fun
E:\Project\HIS\ShipBatterySystm\Logical\Libraries\FileIO\FileIO.typ
E:\Project\HIS\ShipBatterySystm\Logical\Libraries\FileIO\FileIO.var
E:\Project\HIS\ShipBatterySystm\Logical\Libraries\asstring\asstring.fun
E:\Project\HIS\ShipBatterySystm\Logical\Libraries\asstring\asstring.typ
E:\Project\HIS\ShipBatterySystm\Logical\Libraries\asstring\asstring.var
E:\Project\HIS\ShipBatterySystm\Logical\Libraries\AsMbTCP\AsMbTCP.fun
E:\Project\HIS\ShipBatterySystm\Logical\Libraries\AsMbTCP\AsMbTCP.typ
E:\Project\HIS\ShipBatterySystm\Logical\Libraries\AsMbTCP\AsMbTCP.var
E:\Project\HIS\ShipBatterySystm\Logical\Libraries\AsMbTCPS\AsMbTCPS.fun
E:\Project\HIS\ShipBatterySystm\Logical\Libraries\AsMbTCPS\AsMbTCPS.typ
E:\Project\HIS\ShipBatterySystm\Logical\Libraries\AsMbTCPS\AsMbTCPS.var
E:\Project\HIS\ShipBatterySystm\Logical\Libraries\DRV_mbus\DRV_mbus.fun
E:\Project\HIS\ShipBatterySystm\Logical\Libraries\DRV_mbus\DRV_mbus.typ
E:\Project\HIS\ShipBatterySystm\Logical\Libraries\DRV_mbus\DRV_mbus.var
E:\Project\HIS\ShipBatterySystm\Logical\Libraries\dvframe\dvframe.fun
E:\Project\HIS\ShipBatterySystm\Logical\Libraries\dvframe\dvframe.typ
E:\Project\HIS\ShipBatterySystm\Logical\Libraries\dvframe\dvframe.var
E:\Project\HIS\ShipBatterySystm\Logical\Libraries\DataObj\DataObj.fun
E:\Project\HIS\ShipBatterySystm\Logical\Libraries\DataObj\DataObj.typ
E:\Project\HIS\ShipBatterySystm\Logical\Libraries\DataObj\DataObj.var
E:\Project\HIS\ShipBatterySystm\Logical\Libraries\ArCan\ArCan.fun
E:\Project\HIS\ShipBatterySystm\Logical\Libraries\ArCan\ArCan.typ
E:\Project\HIS\ShipBatterySystm\Logical\Libraries\ArCan\ArCan.var
E:\Project\HIS\ShipBatterySystm\Logical\Libraries\AsMath\AsMath.fun
E:\Project\HIS\ShipBatterySystm\Logical\Libraries\AsMath\AsMath.typ
E:\Project\HIS\ShipBatterySystm\Logical\Libraries\AsMath\AsMath.var
E:\Project\HIS\ShipBatterySystm\Logical\Libraries\MpServer\Constants.var
E:\Project\HIS\ShipBatterySystm\Logical\Libraries\MpServer\Types.typ
E:\Project\HIS\ShipBatterySystm\Logical\Libraries\MpServer\MpServer.fun
E:\Project\HIS\ShipBatterySystm\Logical\Libraries\standard\standard.fun
E:\Project\HIS\ShipBatterySystm\Logical\Libraries\standard\standard.typ
E:\Project\HIS\ShipBatterySystm\Logical\Libraries\standard\standard.var
E:\Project\HIS\ShipBatterySystm\Logical\Libraries\MpFile\MpFile.typ
E:\Project\HIS\ShipBatterySystm\Logical\Libraries\MpFile\MpFileError.typ
E:\Project\HIS\ShipBatterySystm\Logical\Libraries\MpFile\MpFileAlarm.typ
E:\Project\HIS\ShipBatterySystm\Logical\Libraries\MpFile\MpFile.fun
E:\Project\HIS\ShipBatterySystm\Logical\Libraries\MpBase\MpBase.var
E:\Project\HIS\ShipBatterySystm\Logical\Libraries\MpBase\MpBase.typ
E:\Project\HIS\ShipBatterySystm\Logical\Libraries\MpBase\MpBase.fun
E:\Project\HIS\ShipBatterySystm\Logical\MbRTU\MbRTU.typ
E:\Project\HIS\ShipBatterySystm\Logical\MbRTU\MbRTU.var
E:\Project\HIS\ShipBatterySystm\Logical\Source\gStruct\SubBMS.typ
E:\Project\HIS\ShipBatterySystm\Logical\Source\gStruct\HMI.typ
E:\Project\HIS\ShipBatterySystm\Logical\Source\gStruct\PMS_CAN.typ
E:\Project\HIS\ShipBatterySystm\Logical\Source\gStruct\LAMP.typ
E:\Project\HIS\ShipBatterySystm\Logical\Source\gVariable\Variables.var
