<?xml version="1.0" encoding="utf-8"?>
<?AutomationStudio Version=3.0?>
<Transfer xmlns="http://br-automation.co.at/AS/Transfer">
  <OperatingSystem Version="M4.93"/>
  <Hardware Target="SG4"/>
  <Operation Delete="Lamp_SW_B.br"/>
  <Operation Delete="PRAHandle.br"/>
  <Operation Delete="PMSRxParaH.br"/>
  <Operation Delete="ModbusPMS.br"/>
  <Operation Delete="HMI_Device.br"/>
  <Operation Delete="DIOHandle.br"/>
  <Operation Delete="CANRxParaH.br"/>
  <Operation Delete="HMI_DataPa.br"/>
  <Operation Delete="CANTxSubBM.br"/>
  <Operation Delete="MbTcpS.br"/>
  <Operation Delete="CANTxPMS.br"/>
  <Operation Delete="CANRxPMS.br"/>
  <Operation Delete="CANRxSubBM.br"/>
  <Operation Delete="MpServer.br"/>
  <Operation Delete="MpFile.br"/>
  <Operation Delete="DRV_mbus.br"/>
  <Operation Delete="AsMbTCP.br"/>
  <Operation Delete="mvLoader.br"/>
  <Operation Delete="AsMbTCPS.br"/>
  <Operation Delete="ArCan.br"/>
  <Operation Delete="asieccon.br"/>
  <Operation Delete="aruser.br"/>
  <Operation Delete="MpBase.br"/>
  <Operation Delete="asusb.br"/>
  <Operation Delete="astime.br"/>
  <Operation Delete="sys_lib.br"/>
  <Operation Delete="dvframe.br"/>
  <Operation Delete="DataObj.br"/>
  <Operation Delete="FileIO.br"/>
  <Operation Delete="arssl.br"/>
  <Operation Download="asfw.br" Memory="SystemROM"/>
  <Operation Download="ashwd.br" Memory="SystemROM"/>
  <Operation Download="arconfig.br" Memory="SystemROM"/>
  <Operation Download="sysconf.br" Memory="SystemROM"/>
  <Operation Restart="warm"/>
  <Operation Download="udbdef.br" Memory="UserROM"/>
  <Operation Download="FWRules.br" Memory="UserROM"/>
  <Operation Download="TCData.br" Memory="SystemROM"/>
  <Operation Download="Role.br" Memory="UserROM"/>
  <Operation Download="User.br" Memory="UserROM"/>
  <Operation Download="iomap.br" Memory="UserROM"/>
  <Operation Download="ashwac.br" Memory="UserROM"/>
  <Operation Download="runtime.br" Memory="UserROM"/>
  <Operation Download="asstring.br" Memory="UserROM"/>
  <Operation Download="AsMath.br" Memory="UserROM"/>
  <Operation Download="standard.br" Memory="UserROM"/>
  <Operation Download="arsvcreg.br" Memory="UserROM"/>
  <Operation Download="asbrstr.br" Memory="UserROM"/>
  <Operation Download="arssl.br" Memory="UserROM"/>
  <Operation Download="FileIO.br" Memory="UserROM"/>
  <Operation Download="DataObj.br" Memory="UserROM"/>
  <Operation Download="dvframe.br" Memory="UserROM"/>
  <Operation Download="sys_lib.br" Memory="UserROM"/>
  <Operation Download="astime.br" Memory="UserROM"/>
  <Operation Download="asusb.br" Memory="UserROM"/>
  <Operation Download="MpBase.br" Memory="UserROM"/>
  <Operation Download="aruser.br" Memory="UserROM"/>
  <Operation Download="asieccon.br" Memory="UserROM"/>
  <Operation Download="ArCan.br" Memory="UserROM"/>
  <Operation Download="AsMbTCPS.br" Memory="UserROM"/>
  <Operation Download="mvLoader.br" Memory="UserROM"/>
  <Operation Download="AsMbTCP.br" Memory="UserROM"/>
  <Operation Download="DRV_mbus.br" Memory="UserROM"/>
  <Operation Download="MpFile.br" Memory="UserROM"/>
  <Operation Download="MpServer.br" Memory="UserROM"/>
  <Operation Download="CANRxSubBM.br" Memory="UserROM"/>
  <Operation Download="CANRxPMS.br" Memory="UserROM"/>
  <Operation Download="CANTxPMS.br" Memory="UserROM"/>
  <Operation Download="MbTcpS.br" Memory="UserROM"/>
  <Operation Download="CANTxSubBM.br" Memory="UserROM"/>
  <Operation Download="HMI_DataPa.br" Memory="UserROM"/>
  <Operation Download="CANRxParaH.br" Memory="UserROM"/>
  <Operation Download="DIOHandle.br" Memory="UserROM"/>
  <Operation Download="HMI_Device.br" Memory="UserROM"/>
  <Operation Download="ModbusPMS.br" Memory="UserROM"/>
  <Operation Download="PMSRxParaH.br" Memory="UserROM"/>
  <Operation Download="PRAHandle.br" Memory="UserROM"/>
  <Operation Download="Lamp_SW_B.br" Memory="UserROM"/>
</Transfer>